cmd : "&" kann 
syntaktisch an dieser 
Stelle nicht 
verarbeitet werden.
In Zeile:1 Zeichen:1
+ cmd /c python -m 
pytest -vv -s tests/te
st_generator.py > 
test_output. ...
+ ~~~~~~~~~~~~~~~~~~~~
~~~~~~~~~~~~~~~~~~~~~~
~~~~~~~~~~~~~~~~~~~~~~
~~~~~
    + CategoryInfo    
          : NotSpeci  
  fied: ("&" kann s   
 yntak...rbeitet w    
erden.:String) []    
, RemoteException
    + FullyQualifiedE 
   rrorId : NativeCo  
  mmandError
 
Der in einem AutoRun-R
egistrierungsschlüssel
 angegebene Wert 
konnte nicht 
analysiert werden.
============================= test session starts =============================
platform win32 -- Python 3.10.10, pytest-8.4.2, pluggy-1.6.0 -- C:\Users\joshu\AppData\Local\Programs\Python\Python310\python.exe
cachedir: .pytest_cache
rootdir: C:\Users\joshu\OneDrive\Informatikstudium\Bachelor\MARley
plugins: anyio-3.7.1, langsmith-0.4.38, asyncio-1.2.0, cov-7.0.0
asyncio: mode=strict, debug=False, asyncio_default_fixture_loop_scope=None, asyncio_default_test_loop_scope=function
collecting ... collected 3 items

tests/test_generator.py::test_prompt_builder_defaults PASSED
tests/test_generator.py::test_generator_service_init PASSED
tests/test_generator.py::test_generator_service_generate_flow FAILED

================================== FAILURES ===================================
____________________ test_generator_service_generate_flow _____________________

    def test_generator_service_generate_flow():
        settings = GeneratorSettings(
            document_id="doc1",
            ollama_base_url="http://localhost:11434",
            retrieval_base_url="http://localhost:8000"
        )
        config = get_generator_config(settings)
        service = GeneratorService(settings=settings, runtime_config=config)
    
        # Mock LLMClient
        service.llm_client.chat_structured = MagicMock(return_value=(
            LLMStructuredOutput(
                answer="Test answer",
                should_abstain=False,
                confidence="high",
                reasoning="Test reasoning"
            ),
            '{"answer": "Test answer"}',
            None
        ))
    
        # Mock Retrieval Call
        mock_retrieval_resp = RetrievalSearchResponse(
            document_id="doc1",
            query="test query",
            top_k=2,
            hits=[
                RetrievalHit(
                    rank=1, rrf_score=1.0, source_type="pdf", chunk_id="c1", chunk_type="text",
                    text="Content 1", metadata={}, input_file="f1"
                )
            ],
            quality_flags=[]
        )
        service._call_retrieval_search = MagicMock(return_value=mock_retrieval_resp)
    
        req = GenerateRequest(query="test query", document_id="doc1")
        resp = service.generate(req)
    
>       assert resp.answer == "Test answer"
E       AssertionError: assert 'Ich wei▀ es nicht.' == 'Test answer'
E         
E         - Test answer
E         + Ich wei▀ es nicht.

tests\test_generator.py:65: AssertionError
=========================== short test summary info ===========================
FAILED tests/test_generator.py::test_generator_service_generate_flow - AssertionError: assert 'Ich wei▀ es nicht.' == 'Test answer'
  
  - Test answer
  + Ich wei▀ es nicht.
========================= 1 failed, 2 passed in 0.38s =========================
